◇ injected env (4) from .env // tip: ⌘ enable debugging { debug: true }
